<html>
<body>
<pre>
<h1>µVision Build Log</h1>
<h2>Tool Versions:</h2>
IDE-Version: ÂµVision V5.38.0.0
Copyright (C) 2022 ARM Ltd and ARM Germany GmbH. All rights reserved.
License Information: Nathaniel Walser
ZHAW
User-based license: Keil MDK Community
Valid until: Jun 1 2033. Cached until: Dec 11 2023
 
Tool Versions:
Toolchain:       Keil MDK Community  Version: 5.38.0.0
Toolchain Path:  C:\Keil_v5\ARM\ARMCLANG\Bin
C Compiler:      ArmClang.exe V6.19
Assembler:       Armasm.exe V6.19
Linker/Locator:  ArmLink.exe V6.19
Library Manager: ArmAr.exe V6.19
Hex Converter:   FromElf.exe V6.19
CPU DLL:         SARMCM3.DLL V5.38.0.0
Dialog DLL:      DARMCM1.DLL V1.19.6.0
Target DLL:      STLink\ST-LINKIII-KEIL_SWO.dll V3.1.0.0
Dialog DLL:      TARMCM1.DLL V1.14.6.0
 
<h2>Project:</h2>
C:\Users\NathanielWalser\Documents\Repositories\systems-engineering-ct1\10_modular_coding\project\linker_lab.uvprojx
Project File Date:  12/05/2023

<h2>Output:</h2>
*** Using Compiler 'V6.19', folder: 'C:\Keil_v5\ARM\ARMCLANG\Bin'
Rebuild target 'Target 1'
assembling startup_ctboard.s...
app/main.c(48): warning: a function declaration without a prototype is deprecated in all versions of C [-Wstrict-prototypes]
int main()
        ^
         void
1 warning generated.
compiling main.c...
assembling datainit_ctboard.s...
compiling toggle.c...
compiling hal_gpio.c...
compiling hal_fmc.c...
compiling system_ctboard.c...
compiling hal_pwr.c...
compiling hal_rcc.c...
linking...
Program Size: Code=4604 RO-data=940 RW-data=4 ZI-data=8200  
".\Objects\linker_lab.axf" - 0 Error(s), 1 Warning(s).

<h2>Software Packages used:</h2>

Package Vendor: InES
                https://ennis.zhaw.ch/pack/InES.CTBoard14_DFP.4.0.4.pack
                InES.CTBoard14_DFP.4.0.4
                CT Board 14 (STM32F429ZI) Device Support
   * Component: Startup Version: 4.0.4
   * Component: FMC Version: 4.0.4
   * Component: GPIO Version: 4.0.4
   * Component: PWR Version: 4.0.4
   * Component: RCC Version: 4.0.4

<h2>Collection of Component include folders:</h2>
  ./RTE/_Target_1
  C:/Users/NathanielWalser/AppData/Local/Arm/Packs/InES/CTBoard14_DFP/4.0.4/Device/Include
  C:/Users/NathanielWalser/AppData/Local/Arm/Packs/InES/CTBoard14_DFP/4.0.4/Device/Include/m0
  C:/Users/NathanielWalser/AppData/Local/Arm/Packs/InES/CTBoard14_DFP/4.0.4/HAL/Include

<h2>Collection of Component Files used:</h2>

   * Component: InES::Device:Startup:4.0.4
      Include file:  Device/Include/reg_stm32f4xx.h
      Source file:   Device/Source/startup_ctboard.s
      Include file:  Device/Include/m0/platform_ctboard.h
      Include file:  Device/Include/reg_ctboard.h
      Source file:   Device/Source/datainit_ctboard.s
      Source file:   Device/Source/system_ctboard.c
      Include file:  Device/Include/system_ctboard.h

   * Component: InES::HAL:FMC:4.0.4
      Include file:  HAL/Include/hal_fmc.h
      Source file:   HAL/Source/hal_fmc.c
      Include file:  Device/Include/reg_stm32f4xx.h
      Include file:  HAL/Include/hal_common.h

   * Component: InES::HAL:GPIO:4.0.4
      Include file:  Device/Include/reg_stm32f4xx.h
      Source file:   HAL/Source/hal_gpio.c
      Include file:  HAL/Include/hal_common.h
      Include file:  HAL/Include/hal_gpio.h

   * Component: InES::HAL:PWR:4.0.4
      Include file:  Device/Include/reg_stm32f4xx.h
      Source file:   HAL/Source/hal_pwr.c
      Include file:  HAL/Include/hal_common.h
      Include file:  HAL/Include/hal_pwr.h

   * Component: InES::HAL:RCC:4.0.4
      Include file:  HAL/Include/hal_common.h
      Include file:  Device/Include/reg_stm32f4xx.h
      Include file:  HAL/Include/hal_rcc.h
      Source file:   HAL/Source/hal_rcc.c
Build Time Elapsed:  00:00:01
</pre>
</body>
</html>
